// Jest Snapshot v1, https://goo.gl/fbAQLP

exports[`snapShot 1`] = `
<ForwardRef(FormControlLabel)
  classes={
    Object {
      "disabled": "Mui-disabled",
      "label": "MuiFormControlLabel-label",
      "labelPlacementBottom": "MuiFormControlLabel-labelPlacementBottom",
      "labelPlacementStart": "MuiFormControlLabel-labelPlacementStart",
      "labelPlacementTop": "MuiFormControlLabel-labelPlacementTop",
      "root": "MuiFormControlLabel-root",
    }
  }
/>
`;
